parameters: 107200 (blocks: 2 = 1 prelude + 1 shared loop)
  step   500  loss 0.2183
  step  1000  loss 0.2173
  step  1500  loss 0.2215
  step  2000  loss 0.2168
trained 2000 steps in 558.0s (CPU)

eval: pass-k accuracy (same weights, r_eval=8)
pass k: did the loop correctly apply k rotations?
 pass   exact     bit
    1   0.492   0.937
    2   0.262   0.875
    3   0.131   0.816
    4   0.064   0.750
    5   0.009   0.588 (beyond training)
    6   0.002   0.552 (beyond training)
    7   0.002   0.511 (beyond training)
    8   0.000   0.448 (beyond training)

latent-loop audit:
  passes: 8
  convergence: delta 64.1809 -> 95.3288 (NOT settling)
  prompt drift: 0.5978 -> 0.9992 (ANCHOR WARNING)
  decision: locked at pass 7 (wavered)
  entropy: 0.000 -> 0.664
input      : [1, 0, 1, 0, 1, 1, 1, 1]
pass 1 readout: [1, 1, 0, 1, 0, 1, 1, 1]  target: [1, 1, 0, 1, 0, 1, 1, 1]
pass 4 readout: [1, 0, 1, 1, 1, 0, 1, 0]  target: [1, 1, 1, 1, 1, 0, 1, 0]
pass 8 readout: [0, 0, 1, 0, 1, 1, 1, 1]  target: [1, 0, 1, 0, 1, 1, 1, 1]
